// Jest Snapshot v1, https://goo.gl/fbAQLP

exports[`Counter should 1`] = `
ShallowWrapper {
  "length": 1,
  Symbol(enzyme.__root__): [Circular],
  Symbol(enzyme.__unrendered__): <Counter
    store={
      Object {
        "counter": 0,
      }
    }
  />,
  Symbol(enzyme.__renderer__): Object {
    "batchedUpdates": [Function],
    "getNode": [Function],
    "render": [Function],
    "simulateEvent": [Function],
    "unmount": [Function],
  },
  Symbol(enzyme.__node__): Object {
    "instance": null,
    "key": undefined,
    "nodeType": "host",
    "props": Object {
      "children": Array [
        <p>
          Counter:
          0
        </p>,
        <button
          id="button"
          onClick={undefined}
        >
          Add
        </button>,
        <button
          id="minus"
          onClick={undefined}
        >
          minus
        </button>,
      ],
      "className": "Counter",
    },
    "ref": null,
    "rendered": Array [
      Object {
        "instance": null,
        "key": undefined,
        "nodeType": "host",
        "props": Object {
          "children": Array [
            "Counter:",
            0,
          ],
        },
        "ref": null,
        "rendered": Array [
          "Counter:",
          0,
        ],
        "type": "p",
      },
      Object {
        "instance": null,
        "key": undefined,
        "nodeType": "host",
        "props": Object {
          "children": "Add",
          "id": "button",
          "onClick": undefined,
        },
        "ref": null,
        "rendered": "Add",
        "type": "button",
      },
      Object {
        "instance": null,
        "key": undefined,
        "nodeType": "host",
        "props": Object {
          "children": "minus",
          "id": "minus",
          "onClick": undefined,
        },
        "ref": null,
        "rendered": "minus",
        "type": "button",
      },
    ],
    "type": "div",
  },
  Symbol(enzyme.__nodes__): Array [
    Object {
      "instance": null,
      "key": undefined,
      "nodeType": "host",
      "props": Object {
        "children": Array [
          <p>
            Counter:
            0
          </p>,
          <button
            id="button"
            onClick={undefined}
          >
            Add
          </button>,
          <button
            id="minus"
            onClick={undefined}
          >
            minus
          </button>,
        ],
        "className": "Counter",
      },
      "ref": null,
      "rendered": Array [
        Object {
          "instance": null,
          "key": undefined,
          "nodeType": "host",
          "props": Object {
            "children": Array [
              "Counter:",
              0,
            ],
          },
          "ref": null,
          "rendered": Array [
            "Counter:",
            0,
          ],
          "type": "p",
        },
        Object {
          "instance": null,
          "key": undefined,
          "nodeType": "host",
          "props": Object {
            "children": "Add",
            "id": "button",
            "onClick": undefined,
          },
          "ref": null,
          "rendered": "Add",
          "type": "button",
        },
        Object {
          "instance": null,
          "key": undefined,
          "nodeType": "host",
          "props": Object {
            "children": "minus",
            "id": "minus",
            "onClick": undefined,
          },
          "ref": null,
          "rendered": "minus",
          "type": "button",
        },
      ],
      "type": "div",
    },
  ],
  Symbol(enzyme.__options__): Object {
    "adapter": ReactSixteenAdapter {
      "options": Object {
        "enableComponentDidUpdateOnSetState": true,
      },
    },
  },
}
`;
